--------- beginning of main
05-24 01:10:38.284 22611 22611 I ReceiptOCR: === BEGIN receipt dump (95 tokens) ===
05-24 01:10:38.284 22611 22611 I ReceiptOCR: X|73|252|48
05-24 01:10:38.284 22611 22611 I ReceiptOCR: CREPERIE|364|475|38
05-24 01:10:38.284 22611 22611 I ReceiptOCR: DE|462|472|35
05-24 01:10:38.284 22611 22611 I ReceiptOCR: LA|512|471|34
05-24 01:10:38.284 22611 22611 I ReceiptOCR: POSTE|585|469|36
05-24 01:10:38.284 22611 22611 I ReceiptOCR: 12|347|514|31
05-24 01:10:38.284 22611 22611 I ReceiptOCR: RUE|404|514|30
05-24 01:10:38.284 22611 22611 I ReceiptOCR: GAMBETTA|511|513|32
05-24 01:10:38.284 22611 22611 I ReceiptOCR: 29680|337|556|34
05-24 01:10:38.284 22611 22611 I ReceiptOCR: ROSCOFF|452|553|35
05-24 01:10:38.284 22611 22611 I ReceiptOCR: FRANCE|578|552|34
05-24 01:10:38.284 22611 22611 I ReceiptOCR: SIRET:34881824600012|298|596|41
05-24 01:10:38.284 22611 22611 I ReceiptOCR: NAF:5610A|514|592|37
05-24 01:10:38.284 22611 22611 I ReceiptOCR: TUA:FR29348818246|717|589|40
05-24 01:10:38.284 22611 22611 I ReceiptOCR: TRBLE|188|716|39
05-24 01:10:38.284 22611 22611 I ReceiptOCR: 6|176|761|33
05-24 01:10:38.284 22611 22611 I ReceiptOCR: COUVERT|259|760|34
05-24 01:10:38.284 22611 22611 I ReceiptOCR: 02|358|637|34
05-24 01:10:38.284 22611 22611 I ReceiptOCR: 98|408|636|33
05-24 01:10:38.284 22611 22611 I ReceiptOCR: 69|458|635|33
05-24 01:10:38.285 22611 22611 I ReceiptOCR: 72|510|634|33
05-24 01:10:38.285 22611 22611 I ReceiptOCR: 81|561|634|33
05-24 01:10:38.285 22611 22611 I ReceiptOCR: 9|366|710|35
05-24 01:10:38.285 22611 22611 I ReceiptOCR: SAMERWAN|440|756|34
05-24 01:10:38.285 22611 22611 I ReceiptOCR: 2|168|831|33
05-24 01:10:38.285 22611 22611 I ReceiptOCR: x|202|831|33
05-24 01:10:38.285 22611 22611 I ReceiptOCR: CRE|254|831|33
05-24 01:10:38.285 22611 22611 I ReceiptOCR: MARRON|349|831|33
05-24 01:10:38.285 22611 22611 I ReceiptOCR: TOTAL|222|1234|40
05-24 01:10:38.285 22611 22611 I ReceiptOCR: 1|177|877|40
05-24 01:10:38.285 22611 22611 I ReceiptOCR: FLAMB|267|876|40
05-24 01:10:38.285 22611 22611 I ReceiptOCR: MARRON|381|874|42
05-24 01:10:38.285 22611 22611 I ReceiptOCR: RHUM|487|873|41
05-24 01:10:38.285 22611 22611 I ReceiptOCR: 1|171|921|40
05-24 01:10:38.285 22611 22611 I ReceiptOCR: x|191|920|40
05-24 01:10:38.285 22611 22611 I ReceiptOCR: BEURRE|272|919|41
05-24 01:10:38.285 22611 22611 I ReceiptOCR: SUCRE|388|918|41
05-24 01:10:38.285 22611 22611 I ReceiptOCR: 1|169|967|41
05-24 01:10:38.285 22611 22611 I ReceiptOCR: x|186|966|41
05-24 01:10:38.285 22611 22611 I ReceiptOCR: POMME|258|966|41
05-24 01:10:38.285 22611 22611 I ReceiptOCR: SALIDOU|385|965|43
05-24 01:10:38.285 22611 22611 I ReceiptOCR: 1|164|1013|44
05-24 01:10:38.285 22611 22611 I ReceiptOCR: x|182|1013|44
05-24 01:10:38.285 22611 22611 I ReceiptOCR: CHO|237|1013|44
05-24 01:10:38.285 22611 22611 I ReceiptOCR: MAI|308|1013|44
05-24 01:10:38.285 22611 22611 I ReceiptOCR: SON|365|1013|44
05-24 01:10:38.285 22611 22611 I ReceiptOCR: 4|146|1060|46
05-24 01:10:38.285 22611 22611 I ReceiptOCR: x|194|1060|46
05-24 01:10:38.285 22611 22611 I ReceiptOCR: CHOCOLAT|282|1060|46
05-24 01:10:38.285 22611 22611 I ReceiptOCR: 1|163|1109|48
05-24 01:10:38.285 22611 22611 I ReceiptOCR: x|182|1109|48
05-24 01:10:38.285 22611 22611 I ReceiptOCR: INFUSION|285|1109|48
05-24 01:10:38.285 22611 22611 I ReceiptOCR: 1|163|1155|44
05-24 01:10:38.285 22611 22611 I ReceiptOCR: x|184|1155|44
05-24 01:10:38.285 22611 22611 I ReceiptOCR: CAFE|248|1155|44
05-24 01:10:38.285 22611 22611 I ReceiptOCR: ALLONGE|366|1155|44
05-24 01:10:38.285 22611 22611 I ReceiptOCR: 5.50|633|829|33
05-24 01:10:38.285 22611 22611 I ReceiptOCR: 3.50|633|1060|35
05-24 01:10:38.285 22611 22611 I ReceiptOCR: Soit|124|1310|47
05-24 01:10:38.285 22611 22611 I ReceiptOCR: 9.38/pers|259|1314|50
05-24 01:10:38.285 22611 22611 I ReceiptOCR: 18.77/2|461|1320|50
05-24 01:10:38.285 22611 22611 I ReceiptOCR: pers|579|1323|48
05-24 01:10:38.285 22611 22611 I ReceiptOCR: 11.00|785|828|37
05-24 01:10:38.285 22611 22611 I ReceiptOCR: D|856|827|34
05-24 01:10:38.285 22611 22611 I ReceiptOCR: DOCUMENT|305|1402|61
05-24 01:10:38.285 22611 22611 I ReceiptOCR: PROUISOIRE|589|1408|62
05-24 01:10:38.285 22611 22611 I ReceiptOCR: (C.PROF.|240|1455|43
05-24 01:10:38.285 22611 22611 I ReceiptOCR: 2|361|1458|39
05-24 01:10:38.285 22611 22611 I ReceiptOCR: :RESTAURANT)|503|1461|44
05-24 01:10:38.285 22611 22611 I ReceiptOCR: 9.30|797|872|38
05-24 01:10:38.285 22611 22611 I ReceiptOCR: D|861|869|35
05-24 01:10:38.285 22611 22611 I ReceiptOCR: 3.70|799|917|39
05-24 01:10:38.285 22611 22611 I ReceiptOCR: D|863|916|37
05-24 01:10:38.285 22611 22611 I ReceiptOCR: 6.90|798|965|38
05-24 01:10:38.285 22611 22611 I ReceiptOCR: D|861|964|36
05-24 01:10:38.285 22611 22611 I ReceiptOCR: 5.80|798|1013|35
05-24 01:10:38.285 22611 22611 I ReceiptOCR: D|862|1013|35
05-24 01:10:38.285 22611 22611 I ReceiptOCR: 14.00|788|1060|39
05-24 01:10:38.285 22611 22611 I ReceiptOCR: C|859|1059|37
05-24 01:10:38.285 22611 22611 I ReceiptOCR: 3.50|796|1108|32
05-24 01:10:38.285 22611 22611 I ReceiptOCR: C|859|1108|32
05-24 01:10:38.285 22611 22611 I ReceiptOCR: 2.40|796|1156|36
05-24 01:10:38.285 22611 22611 I ReceiptOCR: C|860|1156|36
05-24 01:10:38.285 22611 22611 I ReceiptOCR: 56.30|751|1239|53
05-24 01:10:38.285 22611 22611 I ReceiptOCR: To:023|119|1533|50
05-24 01:10:38.285 22611 22611 I ReceiptOCR: Doc:212762|259|1536|51
05-24 01:10:38.285 22611 22611 I ReceiptOCR: La:8|384|1539|49
05-24 01:10:38.285 22611 22611 I ReceiptOCR: BO002|471|1542|50
05-24 01:10:38.285 22611 22611 I ReceiptOCR: 7|539|1543|47
05-24 01:10:38.285 22611 22611 I ReceiptOCR: A0|580|1544|49
05-24 01:10:38.285 22611 22611 I ReceiptOCR: SPIN|643|1546|48
05-24 01:10:38.285 22611 22611 I ReceiptOCR: MANFOA.22|764|1549|51
05-24 01:10:38.285 22611 22611 I ReceiptOCR: DIMANCHE|143|1590|45
05-24 01:10:38.285 22611 22611 I ReceiptOCR: 10-05-2026|335|1594|46
05-24 01:10:38.285 22611 22611 I ReceiptOCR: 47:58:5|510|1597|45
05-24 01:10:38.285 22611 22611 I ReceiptOCR: === END receipt dump ===
