--------- beginning of main
05-24 00:43:04.144 14758 14758 I ReceiptOCR: === BEGIN receipt dump (136 tokens) ===
05-24 00:43:04.144 14758 14758 I ReceiptOCR: SIRET:|1518|69|130
05-24 00:43:04.144 14758 14758 I ReceiptOCR: 94207684500018|2096|79|137
05-24 00:43:04.144 14758 14758 I ReceiptOCR: APE|1114|200|123
05-24 00:43:04.144 14758 14758 I ReceiptOCR: 5610A|1358|205|125
05-24 00:43:04.144 14758 14758 I ReceiptOCR: -|1583|210|119
05-24 00:43:04.144 14758 14758 I ReceiptOCR: TVA|1708|214|122
05-24 00:43:04.144 14758 14758 I ReceiptOCR: Intra|1961|219|125
05-24 00:43:04.144 14758 14758 I ReceiptOCR: 123|2221|225|122
05-24 00:43:04.144 14758 14758 I ReceiptOCR: 456|2417|229|122
05-24 00:43:04.144 14758 14758 I ReceiptOCR: 789|2623|234|122
05-24 00:43:04.144 14758 14758 I ReceiptOCR: Note|787|455|108
05-24 00:43:04.144 14758 14758 I ReceiptOCR: :|976|458|104
05-24 00:43:04.144 14758 14758 I ReceiptOCR: C2-1-4385|1241|462|112
05-24 00:43:04.144 14758 14758 I ReceiptOCR: PAR|761|573|95
05-24 00:43:04.144 14758 14758 I ReceiptOCR: :|906|577|91
05-24 00:43:04.144 14758 14758 I ReceiptOCR: MICKAEL|1142|584|101
05-24 00:43:04.144 14758 14758 I ReceiptOCR: TPV:|842|693|113
05-24 00:43:04.144 14758 14758 I ReceiptOCR: PERROZIENNE-C1|1320|709|124
05-24 00:43:04.144 14758 14758 I ReceiptOCR: Table|868|844|142
05-24 00:43:04.144 14758 14758 I ReceiptOCR: 2|1151|849|136
05-24 00:43:04.144 14758 14758 I ReceiptOCR: QTE|867|1101|91
05-24 00:43:04.144 14758 14758 I ReceiptOCR: DESIGNATION|1235|1109|100
05-24 00:43:04.144 14758 14758 I ReceiptOCR: 1|954|1323|95
05-24 00:43:04.144 14758 14758 I ReceiptOCR: COMPLETE|1165|1329|106
05-24 00:43:04.144 14758 14758 I ReceiptOCR: CHORIZO|1549|1340|105
05-24 00:43:04.144 14758 14758 I ReceiptOCR: 1|1049|1438|92
05-24 00:43:04.144 14758 14758 I ReceiptOCR: SUPP|1166|1440|97
05-24 00:43:04.144 14758 14758 I ReceiptOCR: ING|1372|1445|95
05-24 00:43:04.144 14758 14758 I ReceiptOCR: 3E|1523|1450|94
05-24 00:43:04.144 14758 14758 I ReceiptOCR: 1|956|1545|91
05-24 00:43:04.144 14758 14758 I ReceiptOCR: COMPLETE|1166|1550|101
05-24 00:43:04.144 14758 14758 I ReceiptOCR: CHORIZO|1542|1561|100
05-24 00:43:04.144 14758 14758 I ReceiptOCR: 1|1051|1666|96
05-24 00:43:04.144 14758 14758 I ReceiptOCR: SUPP|1166|1667|99
05-24 00:43:04.144 14758 14758 I ReceiptOCR: ING|1366|1670|97
05-24 00:43:04.144 14758 14758 I ReceiptOCR: 3E|1516|1673|98
05-24 00:43:04.144 14758 14758 I ReceiptOCR: 1|953|1750|80
05-24 00:43:04.144 14758 14758 I ReceiptOCR: COMPLETE|1164|1753|86
05-24 00:43:04.144 14758 14758 I ReceiptOCR: CHORIZO|1538|1759|84
05-24 00:43:04.144 14758 14758 I ReceiptOCR: 1|951|1860|96
05-24 00:43:04.144 14758 14758 I ReceiptOCR: COMPLETE|1164|1860|96
05-24 00:43:04.144 14758 14758 I ReceiptOCR: CHORIZO|1546|1860|96
05-24 00:43:04.144 14758 14758 I ReceiptOCR: 1|951|1968|92
05-24 00:43:04.144 14758 14758 I ReceiptOCR: LA|1029|1966|93
05-24 00:43:04.144 14758 14758 I ReceiptOCR: BRETONNE|1297|1963|97
05-24 00:43:04.144 14758 14758 I ReceiptOCR: 1|959|2077|91
05-24 00:43:04.144 14758 14758 I ReceiptOCR: LA|1032|2077|91
05-24 00:43:04.144 14758 14758 I ReceiptOCR: BRETONNE|1300|2077|91
05-24 00:43:04.144 14758 14758 I ReceiptOCR: LE|1691|604|103
05-24 00:43:04.144 14758 14758 I ReceiptOCR: 13/05/2026|2034|616|116
05-24 00:43:04.144 14758 14758 I ReceiptOCR: 14:37:23|2513|631|111
05-24 00:43:04.144 14758 14758 I ReceiptOCR: 1C|993|2300|98
05-24 00:43:04.144 14758 14758 I ReceiptOCR: BEURRE|1209|2297|100
05-24 00:43:04.144 14758 14758 I ReceiptOCR: SUCRE|1503|2293|99
05-24 00:43:04.144 14758 14758 I ReceiptOCR: 1C|995|2407|99
05-24 00:43:04.144 14758 14758 I ReceiptOCR: BEURRE|1211|2405|100
05-24 00:43:04.144 14758 14758 I ReceiptOCR: SUCRE|1501|2402|100
05-24 00:43:04.144 14758 14758 I ReceiptOCR: 1C|988|2522|94
05-24 00:43:04.144 14758 14758 I ReceiptOCR: CREME|1186|2519|96
05-24 00:43:04.144 14758 14758 I ReceiptOCR: DE|1388|2518|94
05-24 00:43:04.144 14758 14758 I ReceiptOCR: MARRON|1608|2515|95
05-24 00:43:04.144 14758 14758 I ReceiptOCR: 1C|970|2631|100
05-24 00:43:04.144 14758 14758 I ReceiptOCR: CREME|1190|2631|100
05-24 00:43:04.144 14758 14758 I ReceiptOCR: DE|1394|2631|100
05-24 00:43:04.144 14758 14758 I ReceiptOCR: MARRON|1626|2631|100
05-24 00:43:04.144 14758 14758 I ReceiptOCR: 1|1055|2743|100
05-24 00:43:04.144 14758 14758 I ReceiptOCR: SUPP|1168|2743|100
05-24 00:43:04.144 14758 14758 I ReceiptOCR: CHANTILLY|1514|2743|100
05-24 00:43:04.144 14758 14758 I ReceiptOCR: 1|954|2862|105
05-24 00:43:04.144 14758 14758 I ReceiptOCR: SPECIAL|1141|2859|109
05-24 00:43:04.144 14758 14758 I ReceiptOCR: SPECULOS|1531|2854|110
05-24 00:43:04.144 14758 14758 I ReceiptOCR: 1C|991|2973|107
05-24 00:43:04.144 14758 14758 I ReceiptOCR: NUTELLA|1243|2970|109
05-24 00:43:04.144 14758 14758 I ReceiptOCR: 1|953|3089|103
05-24 00:43:04.145 14758 14758 I ReceiptOCR: EXPRESS0|1163|3086|107
05-24 00:43:04.145 14758 14758 I ReceiptOCR: EUR/U|2014|1139|96
05-24 00:43:04.145 14758 14758 I ReceiptOCR: EUR|2474|1161|84
05-24 00:43:04.145 14758 14758 I ReceiptOCR: 10,50|2002|1364|92
05-24 00:43:04.145 14758 14758 I ReceiptOCR: 3,00|2008|1474|88
05-24 00:43:04.145 14758 14758 I ReceiptOCR: PAR|768|3818|115
05-24 00:43:04.145 14758 14758 I ReceiptOCR: COUVERT:|1086|3815|118
05-24 00:43:04.145 14758 14758 I ReceiptOCR: 19,75|1467|3810|115
05-24 00:43:04.145 14758 14758 I ReceiptOCR: EUR|1704|3807|115
05-24 00:43:04.145 14758 14758 I ReceiptOCR: 10,50|1984|1581|88
05-24 00:43:04.145 14758 14758 I ReceiptOCR: 1|954|2194|99
05-24 00:43:04.145 14758 14758 I ReceiptOCR: 50CL|1073|2192|101
05-24 00:43:04.145 14758 14758 I ReceiptOCR: CIDRE|1330|2189|102
05-24 00:43:04.145 14758 14758 I ReceiptOCR: BRUT7,50|1802|2183|106
05-24 00:43:04.145 14758 14758 I ReceiptOCR: 10,50|1975|1780|63
05-24 00:43:04.145 14758 14758 I ReceiptOCR: 10,50|1986|1867|74
05-24 00:43:04.145 14758 14758 I ReceiptOCR: 14,00|1990|1968|80
05-24 00:43:04.145 14758 14758 I ReceiptOCR: 3,00|1992|1687|84
05-24 00:43:04.145 14758 14758 I ReceiptOCR: 3,00|2371|1691|76
05-24 00:43:04.145 14758 14758 I ReceiptOCR: 14,00|1994|2078|84
05-24 00:43:04.145 14758 14758 I ReceiptOCR: 3,50|2015|2298|96
05-24 00:43:04.145 14758 14758 I ReceiptOCR: 3,50|2018|2406|88
05-24 00:43:04.145 14758 14758 I ReceiptOCR: 5,00|2021|2521|102
05-24 00:43:04.145 14758 14758 I ReceiptOCR: 5,00|2022|2627|95
05-24 00:43:04.145 14758 14758 I ReceiptOCR: 2,00|2025|2740|102
05-24 00:43:04.145 14758 14758 I ReceiptOCR: 9,00|2025|2853|95
05-24 00:43:04.145 14758 14758 I ReceiptOCR: 5,00|2030|2970|92
05-24 00:43:04.145 14758 14758 I ReceiptOCR: Cv|2307|889|143
05-24 00:43:04.145 14758 14758 I ReceiptOCR: :|2487|898|137
05-24 00:43:04.145 14758 14758 I ReceiptOCR: 6|2631|905|138
05-24 00:43:04.145 14758 14758 I ReceiptOCR: 2,00|2029|3083|96
05-24 00:43:04.145 14758 14758 I ReceiptOCR: SOUS-TOTAL|1778|3317|114
05-24 00:43:04.145 14758 14758 I ReceiptOCR: :|2075|3317|114
05-24 00:43:04.145 14758 14758 I ReceiptOCR: 10,50|2411|1386|88
05-24 00:43:04.145 14758 14758 I ReceiptOCR: 3,00|2407|1498|88
05-24 00:43:04.145 14758 14758 I ReceiptOCR: 10,50|2380|1595|81
05-24 00:43:04.145 14758 14758 I ReceiptOCR: 10,50|2354|1783|71
05-24 00:43:04.145 14758 14758 I ReceiptOCR: 10,50|2373|1866|67
05-24 00:43:04.145 14758 14758 I ReceiptOCR: 14,00|2387|1962|84
05-24 00:43:04.145 14758 14758 I ReceiptOCR: 14,00|2393|2074|84
05-24 00:43:04.145 14758 14758 I ReceiptOCR: U4.7.2602|1116|4046|68
05-24 00:43:04.145 14758 14758 I ReceiptOCR: 607|1360|4046|68
05-24 00:43:04.145 14758 14758 I ReceiptOCR: Note|1518|4046|68
05-24 00:43:04.145 14758 14758 I ReceiptOCR: Uente|1719|4046|68
05-24 00:43:04.145 14758 14758 I ReceiptOCR: 17L|1893|4046|68
05-24 00:43:04.145 14758 14758 I ReceiptOCR: 1P|2011|4046|68
05-24 00:43:04.145 14758 14758 I ReceiptOCR: R-0028|2193|4046|68
05-24 00:43:04.145 14758 14758 I ReceiptOCR: 7,50|2406|2157|54
05-24 00:43:04.145 14758 14758 I ReceiptOCR: 3,50|2416|2290|96
05-24 00:43:04.145 14758 14758 I ReceiptOCR: 3,50|2419|2400|89
05-24 00:43:04.145 14758 14758 I ReceiptOCR: 5,00|2421|2511|102
05-24 00:43:04.145 14758 14758 I ReceiptOCR: 5,00|2426|2627|95
05-24 00:43:04.145 14758 14758 I ReceiptOCR: 2,00|2428|2731|101
05-24 00:43:04.145 14758 14758 I ReceiptOCR: 9,00|2433|2850|94
05-24 00:43:04.145 14758 14758 I ReceiptOCR: 5,00|2439|2962|92
05-24 00:43:04.145 14758 14758 I ReceiptOCR: 2,00|2445|3076|96
05-24 00:43:04.145 14758 14758 I ReceiptOCR: TOTAL|1190|3579|179
05-24 00:43:04.145 14758 14758 I ReceiptOCR: TTC|1528|3579|179
05-24 00:43:04.145 14758 14758 I ReceiptOCR: (EUR)|1869|3579|179
05-24 00:43:04.145 14758 14758 I ReceiptOCR: :|2154|3579|179
05-24 00:43:04.145 14758 14758 I ReceiptOCR: 118,50|2485|3579|179
05-24 00:43:04.145 14758 14758 I ReceiptOCR: 118,50|2508|3320|100
05-24 00:43:04.145 14758 14758 I ReceiptOCR: === END receipt dump ===
