--------- beginning of main
05-25 19:28:43.338 24878 24878 I ReceiptOCR: === BEGIN receipt dump (82 tokens) ===
05-25 19:28:43.339 24878 24878 I ReceiptOCR: X|74|252|36
05-25 19:28:43.339 24878 24878 I ReceiptOCR: CREPERIE|376|379|58
05-25 19:28:43.339 24878 24878 I ReceiptOCR: DE|507|382|54
05-25 19:28:43.339 24878 24878 I ReceiptOCR: LA|579|383|55
05-25 19:28:43.339 24878 24878 I ReceiptOCR: POSTE|668|385|56
05-25 19:28:43.339 24878 24878 I ReceiptOCR: 12|355|432|46
05-25 19:28:43.339 24878 24878 I ReceiptOCR: RUE|430|434|47
05-25 19:28:43.339 24878 24878 I ReceiptOCR: GAMBETTA|571|439|51
05-25 19:28:43.339 24878 24878 I ReceiptOCR: 29680|343|491|48
05-25 19:28:43.339 24878 24878 I ReceiptOCR: ROSCOFF|492|495|49
05-25 19:28:43.339 24878 24878 I ReceiptOCR: FRANCE|656|499|49
05-25 19:28:43.339 24878 24878 I ReceiptOCR: SIRET:34881824600012|291|548|61
05-25 19:28:43.339 24878 24878 I ReceiptOCR: NAF|519|555|52
05-25 19:28:43.339 24878 24878 I ReceiptOCR: :5610A|603|557|54
05-25 19:28:43.339 24878 24878 I ReceiptOCR: TUA:FR29348818246|827|563|60
05-25 19:28:43.339 24878 24878 I ReceiptOCR: 02|372|604|43
05-25 19:28:43.339 24878 24878 I ReceiptOCR: 98|437|606|42
05-25 19:28:43.339 24878 24878 I ReceiptOCR: 69|502|608|42
05-25 19:28:43.339 24878 24878 I ReceiptOCR: 72|566|610|42
05-25 19:28:43.339 24878 24878 I ReceiptOCR: 81|630|612|42
05-25 19:28:43.339 24878 24878 I ReceiptOCR: TABLE|151|698|49
05-25 19:28:43.339 24878 24878 I ReceiptOCR: 6|135|757|45
05-25 19:28:43.339 24878 24878 I ReceiptOCR: COUUERT|244|759|49
05-25 19:28:43.339 24878 24878 I ReceiptOCR: 9|384|704|48
05-25 19:28:43.339 24878 24878 I ReceiptOCR: SAMERAAN|476|766|50
05-25 19:28:43.339 24878 24878 I ReceiptOCR: 2|130|854|53
05-25 19:28:43.339 24878 24878 I ReceiptOCR: x|187|855|53
05-25 19:28:43.339 24878 24878 I ReceiptOCR: CRE|241|856|54
05-25 19:28:43.339 24878 24878 I ReceiptOCR: MARRON|364|858|56
05-25 19:28:43.339 24878 24878 I ReceiptOCR: 1|148|909|51
05-25 19:28:43.339 24878 24878 I ReceiptOCR: x|170|909|51
05-25 19:28:43.339 24878 24878 I ReceiptOCR: FLAMB|261|910|53
05-25 19:28:43.339 24878 24878 I ReceiptOCR: MARRON|406|912|53
05-25 19:28:43.339 24878 24878 I ReceiptOCR: RHUM|540|915|52
05-25 19:28:43.339 24878 24878 I ReceiptOCR: 1|144|969|54
05-25 19:28:43.339 24878 24878 I ReceiptOCR: x|168|969|54
05-25 19:28:43.339 24878 24878 I ReceiptOCR: BEURRE|270|969|54
05-25 19:28:43.339 24878 24878 I ReceiptOCR: SUCRE|418|969|54
05-25 19:28:43.339 24878 24878 I ReceiptOCR: 1x|155|1031|56
05-25 19:28:43.339 24878 24878 I ReceiptOCR: POMME|263|1031|56
05-25 19:28:43.339 24878 24878 I ReceiptOCR: SALIDOU|422|1031|56
05-25 19:28:43.339 24878 24878 I ReceiptOCR: 1|134|1088|54
05-25 19:28:43.339 24878 24878 I ReceiptOCR: x|178|1088|54
05-25 19:28:43.339 24878 24878 I ReceiptOCR: CHO|230|1088|54
05-25 19:28:43.339 24878 24878 I ReceiptOCR: NAISON|353|1088|54
05-25 19:28:43.339 24878 24878 I ReceiptOCR: TOTAL|223|1343|49
05-25 19:28:43.339 24878 24878 I ReceiptOCR: 4x|139|1149|48
05-25 19:28:43.339 24878 24878 I ReceiptOCR: CHOCOLAT|287|1145|51
05-25 19:28:43.339 24878 24878 I ReceiptOCR: 1x|146|1199|44
05-25 19:28:43.339 24878 24878 I ReceiptOCR: INFUSION|293|1202|47
05-25 19:28:43.339 24878 24878 I ReceiptOCR: 1x|152|1255|42
05-25 19:28:43.340 24878 24878 I ReceiptOCR: CAFE|250|1255|42
05-25 19:28:43.340 24878 24878 I ReceiptOCR: ALLONGE|392|1255|42
05-25 19:28:43.340 24878 24878 I ReceiptOCR: 5.50|713|865|45
05-25 19:28:43.340 24878 24878 I ReceiptOCR: 3.50|720|1145|45
05-25 19:28:43.340 24878 24878 I ReceiptOCR: Soit|114|1426|50
05-25 19:28:43.340 24878 24878 I ReceiptOCR: 9.38/pers|272|1432|54
05-25 19:28:43.340 24878 24878 I ReceiptOCR: -|399|1436|47
05-25 19:28:43.340 24878 24878 I ReceiptOCR: 18.77/2|507|1441|52
05-25 19:28:43.340 24878 24878 I ReceiptOCR: pers|646|1446|51
05-25 19:28:43.340 24878 24878 I ReceiptOCR: 11.00|902|865|45
05-25 19:28:43.340 24878 24878 I ReceiptOCR: 0|985|868|41
05-25 19:28:43.340 24878 24878 I ReceiptOCR: DOCUMENT|332|1528|62
05-25 19:28:43.340 24878 24878 I ReceiptOCR: PROUISOIRE|660|1539|65
05-25 19:28:43.340 24878 24878 I ReceiptOCR: (C.PROF|261|1582|50
05-25 19:28:43.340 24878 24878 I ReceiptOCR: 2|399|1584|47
05-25 19:28:43.340 24878 24878 I ReceiptOCR: :RESTAURANT)|560|1588|52
05-25 19:28:43.340 24878 24878 I ReceiptOCR: 9.30|930|915|47
05-25 19:28:43.340 24878 24878 I ReceiptOCR: D|1000|915|47
05-25 19:28:43.340 24878 24878 I ReceiptOCR: 3.70|934|968|49
05-25 19:28:43.340 24878 24878 I ReceiptOCR: D|1006|968|49
05-25 19:28:43.340 24878 24878 I ReceiptOCR: 6.90|925|1028|47
05-25 19:28:43.340 24878 24878 I ReceiptOCR: D|1001|1028|47
05-25 19:28:43.340 24878 24878 I ReceiptOCR: 5.80|923|1086|47
05-25 19:28:43.340 24878 24878 I ReceiptOCR: D|1002|1086|47
05-25 19:28:43.340 24878 24878 I ReceiptOCR: 14.00|913|1146|45
05-25 19:28:43.340 24878 24878 I ReceiptOCR: C|1002|1146|45
05-25 19:28:43.340 24878 24878 I ReceiptOCR: 3.50|923|1205|44
05-25 19:28:43.340 24878 24878 I ReceiptOCR: C|999|1205|44
05-25 19:28:43.340 24878 24878 I ReceiptOCR: 2.10|921|1264|44
05-25 19:28:43.340 24878 24878 I ReceiptOCR: C|998|1264|44
05-25 19:28:43.340 24878 24878 I ReceiptOCR: 56.30|861|1360|56
05-25 19:28:43.340 24878 24878 I ReceiptOCR: === END receipt dump ===
