05-25 19:07:33.649 20016 20016 I ReceiptOCR: === BEGIN receipt dump (95 tokens) ===
05-25 19:07:33.649 20016 20016 I ReceiptOCR: CREPERIE|1126|647|139
05-25 19:07:33.650 20016 20016 I ReceiptOCR: DE|1431|628|118
05-25 19:07:33.650 20016 20016 I ReceiptOCR: LA|1581|618|119
05-25 19:07:33.650 20016 20016 I ReceiptOCR: POSTE|1808|604|129
05-25 19:07:33.650 20016 20016 I ReceiptOCR: 12|1112|773|121
05-25 19:07:33.650 20016 20016 I ReceiptOCR: RUE|1257|764|123
05-25 19:07:33.650 20016 20016 I ReceiptOCR: GAMBETTA|1589|744|139
05-25 19:07:33.650 20016 20016 I ReceiptOCR: 29680|1059|902|116
05-25 19:07:33.650 20016 20016 I ReceiptOCR: ROSCOFF|1418|880|122
05-25 19:07:33.650 20016 20016 I ReceiptOCR: FRANCE|1806|855|119
05-25 19:07:33.650 20016 20016 I ReceiptOCR: SIRET:34881824600012|944|1035|177
05-25 19:07:33.650 20016 20016 I ReceiptOCR: NAF|1490|1000|128
05-25 19:07:33.650 20016 20016 I ReceiptOCR: :5610A|1696|987|136
05-25 19:07:33.650 20016 20016 I ReceiptOCR: TUA-FR2934881824|2212|953|166
05-25 19:07:33.650 20016 20016 I ReceiptOCR: 02|1141|1144|127
05-25 19:07:33.650 20016 20016 I ReceiptOCR: 98|1301|1135|126
05-25 19:07:33.650 20016 20016 I ReceiptOCR: 69|1456|1126|126
05-25 19:07:33.650 20016 20016 I ReceiptOCR: 72|1640|1114|127
05-25 19:07:33.650 20016 20016 I ReceiptOCR: 81|1772|1107|126
05-25 19:07:33.650 20016 20016 I ReceiptOCR: TABLE|632|1420|145
05-25 19:07:33.650 20016 20016 I ReceiptOCR: 6|652|1561|127
05-25 19:07:33.650 20016 20016 I ReceiptOCR: COUVERT|867|1544|153
05-25 19:07:33.650 20016 20016 I ReceiptOCR: 9|1186|1374|115
05-25 19:07:33.650 20016 20016 I ReceiptOCR: SAMERWAN|1423|1501|158
05-25 19:07:33.650 20016 20016 I ReceiptOCR: 2|636|1777|122
05-25 19:07:33.650 20016 20016 I ReceiptOCR: x|735|1770|122
05-25 19:07:33.650 20016 20016 I ReceiptOCR: CRE|866|1762|130
05-25 19:07:33.650 20016 20016 I ReceiptOCR: MARRON|1164|1742|141
05-25 19:07:33.650 20016 20016 I ReceiptOCR: 1|640|1918|126
05-25 19:07:33.650 20016 20016 I ReceiptOCR: FLAMB|923|1897|143
05-25 19:07:33.651 20016 20016 I ReceiptOCR: MARRON|1278|1873|146
05-25 19:07:33.651 20016 20016 I ReceiptOCR: RHUM|1605|1850|139
05-25 19:07:33.651 20016 20016 I ReceiptOCR: 1|598|2056|133
05-25 19:07:33.651 20016 20016 I ReceiptOCR: x|737|2047|133
05-25 19:07:33.651 20016 20016 I ReceiptOCR: BEURRE|953|2033|152
05-25 19:07:33.651 20016 20016 I ReceiptOCR: SUCRE|1312|2009|149
05-25 19:07:33.651 20016 20016 I ReceiptOCR: 1|643|2196|135
05-25 19:07:33.651 20016 20016 I ReceiptOCR: x|702|2191|135
05-25 19:07:33.651 20016 20016 I ReceiptOCR: POMME|928|2176|151
05-25 19:07:33.651 20016 20016 I ReceiptOCR: SALIDOU|1319|2150|160
05-25 19:07:33.651 20016 20016 I ReceiptOCR: 1|636|2342|134
05-25 19:07:33.651 20016 20016 I ReceiptOCR: x|700|2336|134
05-25 19:07:33.651 20016 20016 I ReceiptOCR: CHO|872|2323|144
05-25 19:07:33.651 20016 20016 I ReceiptOCR: MAISON|1183|2298|157
05-25 19:07:33.651 20016 20016 I ReceiptOCR: 4|613|2483|119
05-25 19:07:33.651 20016 20016 I ReceiptOCR: x|753|2471|117
05-25 19:07:33.651 20016 20016 I ReceiptOCR: CHOCOLAT|1024|2448|153
05-25 19:07:33.651 20016 20016 I ReceiptOCR: 1|677|2610|115
05-25 19:07:33.651 20016 20016 I ReceiptOCR: x|740|2605|116
05-25 19:07:33.651 20016 20016 I ReceiptOCR: INFUSION|1045|2580|147
05-25 19:07:33.651 20016 20016 I ReceiptOCR: 1|659|2728|115
05-25 19:07:33.651 20016 20016 I ReceiptOCR: x|794|2717|114
05-25 19:07:33.651 20016 20016 I ReceiptOCR: CAFE|948|2703|131
05-25 19:07:33.651 20016 20016 I ReceiptOCR: ALLONGE|1294|2672|143
05-25 19:07:33.651 20016 20016 I ReceiptOCR: TOTAL|893|2921|167
05-25 19:07:33.651 20016 20016 I ReceiptOCR: Soit|637|3128|124
05-25 19:07:33.651 20016 20016 I ReceiptOCR: 9.38/pers|1017|3136|129
05-25 19:07:33.651 20016 20016 I ReceiptOCR: 5.50|2036|1691|108
05-25 19:07:33.651 20016 20016 I ReceiptOCR: 3.50|2068|2384|108
05-25 19:07:33.651 20016 20016 I ReceiptOCR: CLe|606|4028|87
05-25 19:07:33.651 20016 20016 I ReceiptOCR: 427-Saru:40|1021|4036|95
05-25 19:07:33.651 20016 20016 I ReceiptOCR: 18.77/2|1586|3148|128
05-25 19:07:33.652 20016 20016 I ReceiptOCR: pers|1927|3155|125
05-25 19:07:33.652 20016 20016 I ReceiptOCR: 11.00|2495|1660|137
05-25 19:07:33.652 20016 20016 I ReceiptOCR: D|2714|1643|120
05-25 19:07:33.652 20016 20016 I ReceiptOCR: 9.30|2541|1798|113
05-25 19:07:33.652 20016 20016 I ReceiptOCR: D|2730|1789|104
05-25 19:07:33.652 20016 20016 I ReceiptOCR: DOCUMENT|1159|3384|170
05-25 19:07:33.652 20016 20016 I ReceiptOCR: PROUISOIRE|1985|3412|177
05-25 19:07:33.652 20016 20016 I ReceiptOCR: (C.PROF.|981|3527|138
05-25 19:07:33.652 20016 20016 I ReceiptOCR: 2|1325|3538|125
05-25 19:07:33.652 20016 20016 I ReceiptOCR: :RESTAURANT)|1726|3552|145
05-25 19:07:33.652 20016 20016 I ReceiptOCR: 3.70|2559|1939|115
05-25 19:07:33.652 20016 20016 I ReceiptOCR: D|2742|1932|109
05-25 19:07:33.652 20016 20016 I ReceiptOCR: 6.90|2553|2083|123
05-25 19:07:33.652 20016 20016 I ReceiptOCR: D|2742|2071|111
05-25 19:07:33.652 20016 20016 I ReceiptOCR: 5.80|2554|2224|109
05-25 19:07:33.652 20016 20016 I ReceiptOCR: D|2747|2219|106
05-25 19:07:33.652 20016 20016 I ReceiptOCR: 14.00|2532|2369|112
05-25 19:07:33.652 20016 20016 I ReceiptOCR: C|2753|2362|105
05-25 19:07:33.652 20016 20016 I ReceiptOCR: 3.50|2606|2510|140
05-25 19:07:33.652 20016 20016 I ReceiptOCR: C|2764|2504|132
05-25 19:07:33.652 20016 20016 I ReceiptOCR: 2.10|2574|2653|112
05-25 19:07:33.652 20016 20016 I ReceiptOCR: C|2776|2653|112
05-25 19:07:33.652 20016 20016 I ReceiptOCR: 56.30|2466|2914|132
05-25 19:07:33.652 20016 20016 I ReceiptOCR: Io:023|694|3738|149
05-25 19:07:33.652 20016 20016 I ReceiptOCR: Doc:272762|1054|3760|159
05-25 19:07:33.652 20016 20016 I ReceiptOCR: Lg-8|1405|3783|142
05-25 19:07:33.652 20016 20016 I ReceiptOCR: BOO02|1651|3799|146
05-25 19:07:33.652 20016 20016 I ReceiptOCR: 7&A0|1898|3814|143
05-25 19:07:33.652 20016 20016 I ReceiptOCR: SPIN|2139|3829|144
05-25 19:07:33.652 20016 20016 I ReceiptOCR: MANFO1.22|2509|3853|162
05-25 19:07:33.652 20016 20016 I ReceiptOCR: DIMANCHE|735|3893|156
05-25 19:07:33.653 20016 20016 I ReceiptOCR: 10-05-2026|1254|3918|162
05-25 19:07:33.653 20016 20016 I ReceiptOCR: 17:53:51|1778|3941|157
05-25 19:07:33.653 20016 20016 I ReceiptOCR: === END receipt dump ===
