--------- beginning of main
05-24 11:42:35.218 19712 19712 I ReceiptOCR: === BEGIN receipt dump (63 tokens) ===
05-24 11:42:35.218 19712 19712 I ReceiptOCR: 1|451|1687|73
05-24 11:42:35.218 19712 19712 I ReceiptOCR: 1|444|2095|69
05-24 11:42:35.218 19712 19712 I ReceiptOCR: 1|474|2855|70
05-24 11:42:35.218 19712 19712 I ReceiptOCR: ALAISE|1035|627|100
05-24 11:42:35.218 19712 19712 I ReceiptOCR: BREIZH|1479|639|99
05-24 11:42:35.218 19712 19712 I ReceiptOCR: DINAN|1870|650|96
05-24 11:42:35.218 19712 19712 I ReceiptOCR: VENTE|1257|858|109
05-24 11:42:35.218 19712 19712 I ReceiptOCR: 1225|1650|876|104
05-24 11:42:35.218 19712 19712 I ReceiptOCR: 15/05/2026|795|950|109
05-24 11:42:35.218 19712 19712 I ReceiptOCR: 14:44:24|1310|968|104
05-24 11:42:35.218 19712 19712 I ReceiptOCR: -DINAN-1-17895|1930|988|116
05-24 11:42:35.218 19712 19712 I ReceiptOCR: 17895|1429|1332|77
05-24 11:42:35.218 19712 19712 I ReceiptOCR: CHAUSSETTES|985|1577|96
05-24 11:42:35.218 19712 19712 I ReceiptOCR: POIZ|1470|1588|84
05-24 11:42:35.218 19712 19712 I ReceiptOCR: METEO|856|1691|100
05-24 11:42:35.218 19712 19712 I ReceiptOCR: MARINE|1195|1691|100
05-24 11:42:35.218 19712 19712 I ReceiptOCR: 41/45|1541|1691|100
05-24 11:42:35.218 19712 19712 I ReceiptOCR: CHAUSSE22|961|1800|98
05-24 11:42:35.218 19712 19712 I ReceiptOCR: POIZ|1342|1800|98
05-24 11:42:35.218 19712 19712 I ReceiptOCR: 12.00|1601|1800|98
05-24 11:42:35.218 19712 19712 I ReceiptOCR: €|1787|1800|98
05-24 11:42:35.218 19712 19712 I ReceiptOCR: FOULARD|876|1996|88
05-24 11:42:35.218 19712 19712 I ReceiptOCR: JANNY|1273|1996|88
05-24 11:42:35.218 19712 19712 I ReceiptOCR: MARINE|1631|1996|88
05-24 11:42:35.218 19712 19712 I ReceiptOCR: TU|701|2095|72
05-24 11:42:35.219 19712 19712 I ReceiptOCR: ACCES26FOULO1|1073|2199|96
05-24 11:42:35.219 19712 19712 I ReceiptOCR: 23.00|1611|2199|96
05-24 11:42:35.219 19712 19712 I ReceiptOCR: €|1799|2199|96
05-24 11:42:35.219 19712 19712 I ReceiptOCR: T-S!IRT|822|2392|82
05-24 11:42:35.219 19712 19712 I ReceiptOCR: NATURE|1221|2387|82
05-24 11:42:35.219 19712 19712 I ReceiptOCR: OFF|1525|2383|80
05-24 11:42:35.219 19712 19712 I ReceiptOCR: WHITE|804|2496|74
05-24 11:42:35.219 19712 19712 I ReceiptOCR: L|1014|2496|74
05-24 11:42:35.219 19712 19712 I ReceiptOCR: TSFE25001|910|2587|90
05-24 11:42:35.219 19712 19712 I ReceiptOCR: 29.00|1338|2579|85
05-24 11:42:35.219 19712 19712 I ReceiptOCR: €|1522|2576|80
05-24 11:42:35.219 19712 19712 I ReceiptOCR: CASQUETTE|923|2767|92
05-24 11:42:35.219 19712 19712 I ReceiptOCR: GONO|1373|2767|92
05-24 11:42:35.219 19712 19712 I ReceiptOCR: MARINE|820|2865|92
05-24 11:42:35.219 19712 19712 I ReceiptOCR: TU|1091|2867|89
05-24 11:42:35.219 19712 19712 I ReceiptOCR: CASHE19001|925|2975|105
05-24 11:42:35.219 19712 19712 I ReceiptOCR: 25.00|1401|2982|99
05-24 11:42:35.219 19712 19712 I ReceiptOCR: €|1597|2985|96
05-24 11:42:35.219 19712 19712 I ReceiptOCR: 20%|743|3619|99
05-24 11:42:35.219 19712 19712 I ReceiptOCR: Taux|829|3435|111
05-24 11:42:35.219 19712 19712 I ReceiptOCR: Base|1278|3463|106
05-24 11:42:35.219 19712 19712 I ReceiptOCR: HT|1469|3468|104
05-24 11:42:35.219 19712 19712 I ReceiptOCR: Total|1727|3195|79
05-24 11:42:35.219 19712 19712 I ReceiptOCR: TVA|1891|3488|92
05-24 11:42:35.219 19712 19712 I ReceiptOCR: 12.00|2208|1703|92
05-24 11:42:35.219 19712 19712 I ReceiptOCR: €|2367|1703|92
05-24 11:42:35.219 19712 19712 I ReceiptOCR: 23.00|2181|2095|70
05-24 11:42:35.219 19712 19712 I ReceiptOCR: €|2366|2095|70
05-24 11:42:35.219 19712 19712 I ReceiptOCR: 29.00|2182|2470|80
05-24 11:42:35.219 19712 19712 I ReceiptOCR: €|2380|2458|67
05-24 11:42:35.219 19712 19712 I ReceiptOCR: 25.00|2200|2859|85
05-24 11:42:35.219 19712 19712 I ReceiptOCR: €|2409|2854|78
05-24 11:42:35.219 19712 19712 I ReceiptOCR: 89.00|2188|3199|88
05-24 11:42:35.219 19712 19712 I ReceiptOCR: €|2430|3199|88
05-24 11:42:35.219 19712 19712 I ReceiptOCR: 74.17|1336|3668|124
05-24 11:42:35.219 19712 19712 I ReceiptOCR: €|1585|3677|116
05-24 11:42:35.219 19712 19712 I ReceiptOCR: 14.83|1843|3685|124
05-24 11:42:35.219 19712 19712 I ReceiptOCR: €|2063|3692|116
05-24 11:42:35.219 19712 19712 I ReceiptOCR: === END receipt dump ===
